[templates.hibootstrap.com/ecour/default/index.html]
[backblue.gif]
[fade.gif]
[index.html]
[templates.hibootstrap.com/ecour/default/assets/img/favicon.png]
[templates.hibootstrap.com/ecour/default/assets/css/bootstrap.min.css]
[templates.hibootstrap.com/ecour/default/assets/css/jquery-ui-min.css]
[templates.hibootstrap.com/ecour/default/assets/css/line-awesome.min.css]
[templates.hibootstrap.com/ecour/default/assets/css/remixicon.css]
[templates.hibootstrap.com/ecour/default/assets/css/animate.min.css]
[templates.hibootstrap.com/ecour/default/assets/css/swiper-min.css]
[templates.hibootstrap.com/ecour/default/assets/css/magnific-popup.css]
[templates.hibootstrap.com/ecour/default/assets/scss/style.css]
[templates.hibootstrap.com/ecour/default/assets/img/preloader.gif]
[templates.hibootstrap.com/ecour/default/login.html]
[templates.hibootstrap.com/ecour/default/assets/img/logo.png]
[templates.hibootstrap.com/ecour/default/assets/img/logo-white.png]
[templates.hibootstrap.com/ecour/default/index-2.html]
[templates.hibootstrap.com/ecour/default/index-3.html]
[templates.hibootstrap.com/ecour/default/course.html]
[templates.hibootstrap.com/ecour/default/course-details.html]
[templates.hibootstrap.com/ecour/default/instructors.html]
[templates.hibootstrap.com/ecour/default/instructor-details.html]
[templates.hibootstrap.com/ecour/default/become-instructor.html]
[templates.hibootstrap.com/ecour/default/events.html]
[templates.hibootstrap.com/ecour/default/event-details.html]
[templates.hibootstrap.com/ecour/default/about.html]
[templates.hibootstrap.com/ecour/default/contact.html]
[templates.hibootstrap.com/ecour/default/teacher.html]
[templates.hibootstrap.com/ecour/default/pricing-plan.html]
[templates.hibootstrap.com/ecour/default/testimonial.html]
[templates.hibootstrap.com/ecour/default/faq.html]
[templates.hibootstrap.com/ecour/default/privacy-policy.html]
[templates.hibootstrap.com/ecour/default/terms-condition.html]
[templates.hibootstrap.com/ecour/default/404.html]
[templates.hibootstrap.com/ecour/default/shop-left-sidebar.html]
[templates.hibootstrap.com/ecour/default/shop-right-sidebar.html]
[templates.hibootstrap.com/ecour/default/shop-no-sidebar.html]
[templates.hibootstrap.com/ecour/default/shop-details.html]
[templates.hibootstrap.com/ecour/default/wishlist.html]
[templates.hibootstrap.com/ecour/default/cart.html]
[templates.hibootstrap.com/ecour/default/checkout.html]
[templates.hibootstrap.com/ecour/default/register.html]
[templates.hibootstrap.com/ecour/default/forgot-pwd.html]
[templates.hibootstrap.com/ecour/default/my-account.html]
[templates.hibootstrap.com/ecour/default/blog-left-sidebar.html]
[templates.hibootstrap.com/ecour/default/blog-right-sidebar.html]
[templates.hibootstrap.com/ecour/default/blog-no-sidebar.html]
[templates.hibootstrap.com/ecour/default/blog-details-left-sidebar.html]
[templates.hibootstrap.com/ecour/default/blog-details-right-sidebar.html]
[templates.hibootstrap.com/ecour/default/blog-details-no-sidebar.html]
[templates.hibootstrap.com/ecour/default/assets/img/hero/circle-shape.png]
[templates.hibootstrap.com/ecour/default/assets/img/hero/dot-shape.png]
[templates.hibootstrap.com/ecour/default/assets/img/hero/ellipse-img.jpg]
[templates.hibootstrap.com/ecour/default/assets/img/about/about-circle-shape-1.svg]
[templates.hibootstrap.com/ecour/default/assets/img/promo/promo-circle-shape.svg]
[templates.hibootstrap.com/ecour/default/assets/img/course/course-1.jpg]
[templates.hibootstrap.com/ecour/default/assets/img/course/course-2.jpg]
[templates.hibootstrap.com/ecour/default/assets/img/course/course-3.jpg]
[templates.hibootstrap.com/ecour/default/assets/img/course/course-4.jpg]
[templates.hibootstrap.com/ecour/default/assets/img/course/course-5.jpg]
[templates.hibootstrap.com/ecour/default/assets/img/course/course-6.jpg]
[templates.hibootstrap.com/ecour/default/assets/img/course/course-7.jpg]
[templates.hibootstrap.com/ecour/default/assets/img/course/course-8.jpg]
[templates.hibootstrap.com/ecour/default/assets/img/course/course-9.jpg]
[templates.hibootstrap.com/ecour/default/assets/img/course/course-10.jpg]
[templates.hibootstrap.com/ecour/default/assets/img/course/course-11.jpg]
[templates.hibootstrap.com/ecour/default/assets/img/team/team-member-1.jpg]
[templates.hibootstrap.com/ecour/default/assets/img/team/team-member-2.jpg]
[templates.hibootstrap.com/ecour/default/assets/img/team/team-member-3.jpg]
[templates.hibootstrap.com/ecour/default/assets/img/team/team-member-4.jpg]
[templates.hibootstrap.com/ecour/default/assets/img/testimonial/client-1.jpg]
[templates.hibootstrap.com/ecour/default/assets/img/testimonial/client-2.jpg]
[templates.hibootstrap.com/ecour/default/assets/img/testimonial/client-3.jpg]
[templates.hibootstrap.com/ecour/default/assets/img/testimonial/client-4.jpg]
[templates.hibootstrap.com/ecour/default/assets/img/blog/blog-1.jpg]
[templates.hibootstrap.com/ecour/default/assets/img/blog/author-1.jpg]
[templates.hibootstrap.com/ecour/default/assets/img/blog/blog-2.jpg]
[templates.hibootstrap.com/ecour/default/assets/img/blog/author-2.jpg]
[templates.hibootstrap.com/ecour/default/assets/img/blog/blog-3.jpg]
[templates.hibootstrap.com/ecour/default/assets/img/blog/author-3.jpg]
[templates.hibootstrap.com/cdn-cgi/scripts/5c5dd728/cloudflare-static/email-decode.min.js]
[templates.hibootstrap.com/ecour/default/assets/js/jquery.min.js]
[templates.hibootstrap.com/ecour/default/assets/js/jquery-ui.min.js]
[templates.hibootstrap.com/ecour/default/assets/js/bootstrap.bundle.min.js]
[templates.hibootstrap.com/ecour/default/assets/js/form-validator.min.js]
[templates.hibootstrap.com/ecour/default/assets/js/contact-form-script.js]
[templates.hibootstrap.com/ecour/default/assets/js/swiper-min.js]
[templates.hibootstrap.com/ecour/default/assets/js/jquery-magnific-popup.js]
[templates.hibootstrap.com/ecour/default/assets/js/countdown.js]
[templates.hibootstrap.com/ecour/default/index.html]
[templates.hibootstrap.com/ecour/default/assets/css/bootstrap.min.css]
[templates.hibootstrap.com/ecour/default/assets/js/main.js]
[templates.hibootstrap.com/ecour/default/assets/css/images/ui-icons_444444_256x240.png]
[templates.hibootstrap.com/ecour/default/assets/css/images/ui-icons_555555_256x240.png]
[templates.hibootstrap.com/ecour/default/assets/css/images/ui-icons_ffffff_256x240.png]
[templates.hibootstrap.com/ecour/default/assets/css/images/ui-icons_777620_256x240.png]
[templates.hibootstrap.com/ecour/default/assets/css/images/ui-icons_cc0000_256x240.png]
[templates.hibootstrap.com/ecour/default/assets/css/images/ui-icons_777777_256x240.png]
[templates.hibootstrap.com/ecour/default/assets/css/jquery-ui-min.css]
[templates.hibootstrap.com/ecour/default/assets/fonts/la-brands-400.eot]
[templates.hibootstrap.com/ecour/default/assets/fonts/la-brands-400d41d.eot]
[templates.hibootstrap.com/ecour/default/assets/fonts/la-brands-400.woff2]
[templates.hibootstrap.com/ecour/default/assets/fonts/la-brands-400.woff]
[templates.hibootstrap.com/ecour/default/assets/fonts/la-brands-400.ttf]
[templates.hibootstrap.com/ecour/default/assets/fonts/la-brands-400.svg]
[templates.hibootstrap.com/ecour/default/assets/fonts/la-regular-400.eot]
[templates.hibootstrap.com/ecour/default/assets/fonts/la-regular-400d41d.eot]
[templates.hibootstrap.com/ecour/default/assets/fonts/la-regular-400.woff2]
[templates.hibootstrap.com/ecour/default/assets/fonts/la-regular-400.woff]
[templates.hibootstrap.com/ecour/default/assets/fonts/la-regular-400.ttf]
[templates.hibootstrap.com/ecour/default/assets/fonts/la-regular-400.svg]
[templates.hibootstrap.com/ecour/default/assets/fonts/la-solid-900.eot]
[templates.hibootstrap.com/ecour/default/assets/fonts/la-solid-900d41d.eot]
[templates.hibootstrap.com/ecour/default/assets/fonts/la-solid-900.woff2]
[templates.hibootstrap.com/ecour/default/assets/fonts/la-solid-900.woff]
[templates.hibootstrap.com/ecour/default/assets/fonts/la-solid-900.ttf]
[templates.hibootstrap.com/ecour/default/assets/css/line-awesome.min.css]
[templates.hibootstrap.com/ecour/default/assets/fonts/la-solid-900.svg]
[templates.hibootstrap.com/ecour/default/assets/fonts/remixicondf6d.eot]
[templates.hibootstrap.com/ecour/default/assets/fonts/remixicondf6d.woff2]
[templates.hibootstrap.com/ecour/default/assets/fonts/remixicondf6d.woff]
[templates.hibootstrap.com/ecour/default/assets/fonts/remixicondf6d.ttf]
[templates.hibootstrap.com/ecour/default/assets/css/remixicon.css]
[templates.hibootstrap.com/ecour/default/assets/css/animate.min.css]
[templates.hibootstrap.com/ecour/default/assets/css/swiper-min.css]
[templates.hibootstrap.com/ecour/default/assets/css/magnific-popup.css]
[templates.hibootstrap.com/ecour/default/assets/fonts/remixicondf6d.svg]
[templates.hibootstrap.com/ecour/default/assets/img/breadcrumb/breadcrumb-1.jpg]
[templates.hibootstrap.com/ecour/default/assets/img/breadcrumb/breadcrumb-2.jpg]
[templates.hibootstrap.com/ecour/default/assets/img/breadcrumb/breadcrumb-3.jpg]
[templates.hibootstrap.com/ecour/default/assets/img/breadcrumb/breadcrumb-4.jpg]
[templates.hibootstrap.com/ecour/default/assets/img/breadcrumb/breadcrumb-5.jpg]
[templates.hibootstrap.com/ecour/default/assets/img/breadcrumb/breadcrumb-6.jpg]
[templates.hibootstrap.com/ecour/default/assets/img/hero/hero-1.jpg]
[templates.hibootstrap.com/ecour/default/assets/img/hero/hero-2.jpg]
[templates.hibootstrap.com/ecour/default/assets/img/hero/hero-3.jpg]
[templates.hibootstrap.com/ecour/default/assets/img/hero/hero-4.jpg]
[templates.hibootstrap.com/ecour/default/assets/img/hero/hero-5.jpg]
[templates.hibootstrap.com/ecour/default/assets/img/hero/hero-6.jpg]
[templates.hibootstrap.com/ecour/default/assets/img/hero/hero-7.jpg]
[templates.hibootstrap.com/ecour/default/assets/img/hero/hero-8.jpg]
[templates.hibootstrap.com/ecour/default/assets/img/event/single-event.jpg]
[templates.hibootstrap.com/ecour/default/assets/img/event/event-2.jpg]
[templates.hibootstrap.com/ecour/default/assets/img/about/about-1.jpg]
[templates.hibootstrap.com/ecour/default/assets/img/about/about-2.jpg]
[templates.hibootstrap.com/ecour/default/assets/img/about/donate-bg-2.jpg]
[templates.hibootstrap.com/ecour/default/assets/img/testimonial/testimonial-bg-1.jpg]
[templates.hibootstrap.com/ecour/default/assets/img/testimonial/testimonial-bg-2.jpg]
[templates.hibootstrap.com/ecour/default/assets/img/promo/promo-bg-1.jpg]
[templates.hibootstrap.com/ecour/default/assets/img/promo/promo-bg-2.jpg]
[templates.hibootstrap.com/ecour/default/assets/img/promo/promo-bg-3.jpg]
[templates.hibootstrap.com/ecour/default/assets/img/promo/promo-bg-4.jpg]
[templates.hibootstrap.com/ecour/default/assets/img/promo/promo-bg-6.png]
[templates.hibootstrap.com/ecour/default/assets/img/down-arrow.png]
[i.ibb.co/7JfqXxB/sunny.png]
[templates.hibootstrap.com/ecour/default/assets/scss/style.css]
[templates.hibootstrap.com/ecour/default/assets/img/product/cart-thumb-1.jpg]
[templates.hibootstrap.com/ecour/default/assets/img/product/cart-thumb-2.jpg]
[templates.hibootstrap.com/ecour/default/assets/img/product/cart-thumb-3.jpg]
[templates.hibootstrap.com/ecour/default/login.html]
[templates.hibootstrap.com/ecour/default/become-volunteer.html]
[templates.hibootstrap.com/ecour/default/assets/img/hero/dot-shape-2.png]
[templates.hibootstrap.com/ecour/default/assets/img/hero/dot-shape-3.png]
[templates.hibootstrap.com/ecour/default/assets/img/hero/circle-shape-2.png]
[templates.hibootstrap.com/ecour/default/assets/img/about/about-img-2.png]
[templates.hibootstrap.com/ecour/default/assets/img/about/goal.svg]
[templates.hibootstrap.com/ecour/default/assets/img/promo/dot-shape-3.png]
[templates.hibootstrap.com/ecour/default/index-2.html]
[templates.hibootstrap.com/ecour/default/assets/img/hero/shape-2.png]
[templates.hibootstrap.com/ecour/default/assets/img/hero/shape-3.png]
[templates.hibootstrap.com/ecour/default/index-3.html]
[templates.hibootstrap.com/ecour/default/course.html]
[templates.hibootstrap.com/ecour/default/assets/img/course/single-course-1.jpg]
[templates.hibootstrap.com/ecour/default/assets/img/blog/avatar-1.jpg]
[templates.hibootstrap.com/ecour/default/assets/img/blog/avatar-2.jpg]
[templates.hibootstrap.com/ecour/default/course-details.html]
[templates.hibootstrap.com/ecour/default/assets/img/team/team-member-5.jpg]
[templates.hibootstrap.com/ecour/default/assets/img/team/team-member-6.jpg]
[templates.hibootstrap.com/ecour/default/instructors.html]
[templates.hibootstrap.com/ecour/default/instructor-details.html]
[templates.hibootstrap.com/ecour/default/become-instructor.html]
[templates.hibootstrap.com/ecour/default/assets/img/event/event-1.jpg]
[templates.hibootstrap.com/ecour/default/assets/img/event/event-3.jpg]
[templates.hibootstrap.com/ecour/default/assets/img/event/event-4.jpg]
[templates.hibootstrap.com/ecour/default/assets/img/event/event-5.jpg]
[templates.hibootstrap.com/ecour/default/assets/img/event/event-6.jpg]
[templates.hibootstrap.com/ecour/default/events.html]
[templates.hibootstrap.com/ecour/default/event.html]
[templates.hibootstrap.com/ecour/default/event-details.html]
[templates.hibootstrap.com/ecour/default/assets/img/about/about-10.png]
[templates.hibootstrap.com/ecour/default/about.html]
[templates.hibootstrap.com/ecour/default/contact.html]
[templates.hibootstrap.com/ecour/default/assets/img/team/team-member-8.jpg]
[templates.hibootstrap.com/ecour/default/assets/img/team/team-member-7.jpg]
[templates.hibootstrap.com/ecour/default/teacher.html]
[templates.hibootstrap.com/ecour/default/pricing-plan.html]
[templates.hibootstrap.com/ecour/default/testimonial.html]
[templates.hibootstrap.com/ecour/default/faq.html]
[templates.hibootstrap.com/ecour/default/privacy-policy.html]
[templates.hibootstrap.com/ecour/default/terms-condition.html]
[templates.hibootstrap.com/ecour/default/home-1.html]
[templates.hibootstrap.com/ecour/default/404.html]
[templates.hibootstrap.com/ecour/default/product-details.html]
[templates.hibootstrap.com/ecour/default/assets/img/product/product-thumb-1.png]
[templates.hibootstrap.com/ecour/default/assets/img/product/product-thumb-2.png]
[templates.hibootstrap.com/ecour/default/assets/img/product/product-thumb-3.png]
[templates.hibootstrap.com/ecour/default/assets/img/product/product-1.png]
[templates.hibootstrap.com/ecour/default/assets/img/product/product-2.png]
[templates.hibootstrap.com/ecour/default/assets/img/product/product-3.png]
[templates.hibootstrap.com/ecour/default/assets/img/product/product-4.png]
[templates.hibootstrap.com/ecour/default/assets/img/product/product-5.png]
[templates.hibootstrap.com/ecour/default/assets/img/product/product-6.png]
[templates.hibootstrap.com/ecour/default/shop-left-sidebar.html]
[templates.hibootstrap.com/ecour/default/shop-right-sidebar.html]
[templates.hibootstrap.com/ecour/default/shop-no-sidebar.html]
[templates.hibootstrap.com/ecour/default/assets/img/product/single-product-1.png]
[templates.hibootstrap.com/ecour/default/assets/img/product/single-product-2.png]
[templates.hibootstrap.com/ecour/default/shop-details.html]
[templates.hibootstrap.com/ecour/default/wishlist.html]
[templates.hibootstrap.com/ecour/default/cart.html]
[templates.hibootstrap.com/ecour/default/checkout.html]
[templates.hibootstrap.com/ecour/default/register.html]
[templates.hibootstrap.com/ecour/default/forgot-pwd.html]
[templates.hibootstrap.com/ecour/default/my-account.html]
[templates.hibootstrap.com/ecour/default/assets/img/blog/post-thumb-1.jpg]
[templates.hibootstrap.com/ecour/default/assets/img/blog/post-thumb-2.jpg]
[templates.hibootstrap.com/ecour/default/assets/img/blog/post-thumb-3.jpg]
[templates.hibootstrap.com/ecour/default/assets/img/blog/blog-4.jpg]
[templates.hibootstrap.com/ecour/default/assets/img/blog/author-4.jpg]
[templates.hibootstrap.com/ecour/default/assets/img/blog/blog-5.jpg]
[templates.hibootstrap.com/ecour/default/assets/img/blog/blog-6.jpg]
[templates.hibootstrap.com/ecour/default/blog-left-sidebar.html]
[templates.hibootstrap.com/ecour/default/blog-right-sidebar.html]
[templates.hibootstrap.com/ecour/default/blog-no-sidebar.html]
[templates.hibootstrap.com/ecour/default/assets/img/blog/single-blog.jpg]
[templates.hibootstrap.com/ecour/default/assets/img/blog/post-1.jpg]
[templates.hibootstrap.com/ecour/default/assets/img/blog/post-2.jpg]
[templates.hibootstrap.com/ecour/default/assets/img/blog/author.jpg]
[templates.hibootstrap.com/ecour/default/blog-details-left-sidebar.html]
[templates.hibootstrap.com/ecour/default/assets/img/blog/single-post-2.jpg]
[templates.hibootstrap.com/ecour/default/blog-details-right-sidebar.html]
[templates.hibootstrap.com/ecour/default/blog-details-no-sidebar.html]
[templates.hibootstrap.com/ecour/default/assets/img/about/about-circle-shape-1.svg]
[templates.hibootstrap.com/ecour/default/assets/img/promo/promo-circle-shape.svg]
[templates.hibootstrap.com/ecour/default/assets/css/images/ui-icons_444444_256x240.html]
[templates.hibootstrap.com/ecour/default/assets/css/images/ui-icons_555555_256x240.html]
[templates.hibootstrap.com/ecour/default/assets/css/images/ui-icons_ffffff_256x240.html]
[templates.hibootstrap.com/ecour/default/assets/css/images/ui-icons_777620_256x240.html]
[templates.hibootstrap.com/ecour/default/assets/css/images/ui-icons_cc0000_256x240.html]
[templates.hibootstrap.com/ecour/default/assets/css/images/ui-icons_777777_256x240.html]
[templates.hibootstrap.com/ecour/default/assets/fonts/la-brands-400.svg]
[templates.hibootstrap.com/ecour/default/assets/fonts/la-regular-400.svg]
[templates.hibootstrap.com/ecour/default/assets/fonts/la-solid-900.svg]
[templates.hibootstrap.com/ecour/default/assets/fonts/remixicondf6d.svg]
[templates.hibootstrap.com/ecour/default/assets/img/breadcrumb/breadcrumb-6.html]
[templates.hibootstrap.com/ecour/default/assets/img/hero/hero-2.html]
[templates.hibootstrap.com/ecour/default/assets/img/about/donate-bg-2.html]
[templates.hibootstrap.com/ecour/default/assets/img/testimonial/testimonial-bg-2.html]
[templates.hibootstrap.com/ecour/default/become-volunteer.html]
[templates.hibootstrap.com/ecour/default/assets/img/about/goal.svg]
[templates.hibootstrap.com/ecour/default/event.html]
[templates.hibootstrap.com/ecour/default/home-1.html]
[templates.hibootstrap.com/ecour/default/product-details.html]
